// Jest Snapshot v1, https://goo.gl/fbAQLP

exports[`TourNameSettingsSection matches the snapshot on initial render 1`] = `
<View>
  <Text>
    Tourname
  </Text>
  <View>
    <View>
      <Text
        appearance="default"
        category="h6"
        status="basic"
        style={
          [
            {
              "color": "#222B45",
              "fontFamily": "System",
              "fontSize": 18,
              "fontWeight": "800",
            },
            undefined,
          ]
        }
      >
        Mock Title
      </Text>
    </View>
    <View>
      <View
        accessibilityState={
          {
            "busy": undefined,
            "checked": undefined,
            "disabled": undefined,
            "expanded": undefined,
            "selected": undefined,
          }
        }
        accessibilityValue={
          {
            "max": undefined,
            "min": undefined,
            "now": undefined,
            "text": undefined,
          }
        }
        accessible={true}
        collapsable={false}
        focusable={true}
        onClick={[Function]}
        onResponderGrant={[Function]}
        onResponderMove={[Function]}
        onResponderRelease={[Function]}
        onResponderTerminate={[Function]}
        onResponderTerminationRequest={[Function]}
        onStartShouldSetResponder={[Function]}
        style={
          {
            "opacity": 1,
          }
        }
        testID="edit-button"
      >
        MockedIcon(edit)
      </View>
    </View>
  </View>
</View>
`;
